f:\silvora\venv\Scripts\python.exe : Creating test database for alias 'default'...
At line:1 char:27
+ ... BUG="True"; f:\silvora\venv\Scripts\python.exe manage.py test > test_ ...
+                 ~~~~~~~~~~~~~~~~~~~~~~~~~~~~~~~~~~~~~~~~~~~~~~~~~~~~~~~~~
    + CategoryInfo          : NotSpecified: (Creating test d...as 'default'...:String) [], RemoteException
    + FullyQualifiedErrorId : NativeCommandError
 

EF.FF..
======================================================================
ERROR: test_delete_and_restore_file_flow (files.tests.test_files_api.FileAPITests.test_delete_and_restore_file_flow)
----------------------------------------------------------------------
Traceback (most recent call last):
  File "F:\silvora\silvora_backend\files\tests\test_files_api.py", line 133, in test_delete_and_restore_file_flow
    quota.consume(50)
    ^^^^^^^^^^^^^
AttributeError: 'UserQuota' object has no attribute 'consume'

======================================================================
FAIL: test_get_quota (files.tests.test_files_api.FileAPITests.test_get_quota)
----------------------------------------------------------------------
Traceback (most recent call last):
  File "F:\silvora\silvora_backend\files\tests\test_files_api.py", line 115, in test_get_quota
    self.assertEqual(res.json()["used_bytes"], 200)
    ~~~~~~~~~~~~~~~~^^^^^^^^^^^^^^^^^^^^^^^^^^^^^^^
AssertionError: 0 != 200

======================================================================
FAIL: test_resume_upload_empty (files.tests.test_files_api.FileAPITests.test_resume_upload_empty)
----------------------------------------------------------------------
Traceback (most recent call last):
  File "C:\Program 
Files\WindowsApps\PythonSoftwareFoundation.Python.3.13_3.13.3568.0_x64__qbz5n2kfra8p0\Lib\unittest\mock.py", line 
1432, in patched
    return func(*newargs, **newkeywargs)
  File "F:\silvora\silvora_backend\files\tests\test_files_api.py", line 82, in test_resume_upload_empty
    file_id = self._start_upload()
  File "C:\Program 
Files\WindowsApps\PythonSoftwareFoundation.Python.3.13_3.13.3568.0_x64__qbz5n2kfra8p0\Lib\unittest\mock.py", line 
1432, in patched
    return func(*newargs, **newkeywargs)
  File "F:\silvora\silvora_backend\files\tests\test_files_api.py", line 47, in _start_upload
    self.assertEqual(res.status_code, 200)
    ~~~~~~~~~~~~~~~~^^^^^^^^^^^^^^^^^^^^^^
AssertionError: 201 != 200

======================================================================
FAIL: test_start_upload (files.tests.test_files_api.FileAPITests.test_start_upload)
----------------------------------------------------------------------
Traceback (most recent call last):
  File "C:\Program 
Files\WindowsApps\PythonSoftwareFoundation.Python.3.13_3.13.3568.0_x64__qbz5n2kfra8p0\Lib\unittest\mock.py", line 
1432, in patched
    return func(*newargs, **newkeywargs)
  File "F:\silvora\silvora_backend\files\tests\test_files_api.py", line 73, in test_start_upload
    self.assertEqual(res.status_code, 200)
    ~~~~~~~~~~~~~~~~^^^^^^^^^^^^^^^^^^^^^^
AssertionError: 201 != 200

----------------------------------------------------------------------
Ran 7 tests in 9.394s

FAILED (failures=3, errors=1)
Destroying test database for alias 'default'...

Found 7 test(s).
System check identified no issues (0 silenced).
